// Jest Snapshot v1, https://goo.gl/fbAQLP

exports[`BYOC Default parameters 1`] = `
"Resources:
  defaultsecuritygroupE8DEFA55:
    Type: 'AWS::EC2::SecurityGroup'
    Properties:
      GroupDescription: RestateBYOC/default/security-group
      SecurityGroupEgress:
        - CidrIp: 0.0.0.0/0
          Description: Allow all outbound traffic by default
          IpProtocol: '-1'
      Tags:
        - Key: Name
          Value: RestateBYOC/default/security-group
      VpcId:
        'Fn::ImportValue': 'VPCStack:ExportsOutputRefvpcA2121C384D1B3CDE'
  defaultsecuritygroupfromRestateBYOCdefaultsecuritygroup87B50E9980804AEED840:
    Type: 'AWS::EC2::SecurityGroupIngress'
    Properties:
      Description: 'from RestateBYOCdefaultsecuritygroup87B50E99:8080'
      FromPort: 8080
      GroupId:
        'Fn::GetAtt':
          - defaultsecuritygroupE8DEFA55
          - GroupId
      IpProtocol: tcp
      SourceSecurityGroupId:
        'Fn::GetAtt':
          - defaultsecuritygroupE8DEFA55
          - GroupId
      ToPort: 8080
  defaultsecuritygroupfromRestateBYOCdefaultsecuritygroup87B50E99907077632CDC:
    Type: 'AWS::EC2::SecurityGroupIngress'
    Properties:
      Description: 'from RestateBYOCdefaultsecuritygroup87B50E99:9070'
      FromPort: 9070
      GroupId:
        'Fn::GetAtt':
          - defaultsecuritygroupE8DEFA55
          - GroupId
      IpProtocol: tcp
      SourceSecurityGroupId:
        'Fn::GetAtt':
          - defaultsecuritygroupE8DEFA55
          - GroupId
      ToPort: 9070
  defaultsecuritygroupfromRestateBYOCdefaultsecuritygroup87B50E9951227EDECDBD:
    Type: 'AWS::EC2::SecurityGroupIngress'
    Properties:
      Description: 'from RestateBYOCdefaultsecuritygroup87B50E99:5122'
      FromPort: 5122
      GroupId:
        'Fn::GetAtt':
          - defaultsecuritygroupE8DEFA55
          - GroupId
      IpProtocol: tcp
      SourceSecurityGroupId:
        'Fn::GetAtt':
          - defaultsecuritygroupE8DEFA55
          - GroupId
      ToPort: 5122
  defaultbucket65304C97:
    Type: 'AWS::S3::Bucket'
    Properties:
      PublicAccessBlockConfiguration:
        BlockPublicAcls: true
        BlockPublicPolicy: true
        IgnorePublicAcls: true
        RestrictPublicBuckets: true
    UpdateReplacePolicy: Retain
    DeletionPolicy: Retain
  defaultbucketPolicy7463A49D:
    Type: 'AWS::S3::BucketPolicy'
    Properties:
      Bucket:
        Ref: defaultbucket65304C97
      PolicyDocument:
        Statement:
          - Action: 's3:*'
            Condition:
              Bool:
                'aws:SecureTransport': 'false'
            Effect: Deny
            Principal:
              AWS: '*'
            Resource:
              - 'Fn::GetAtt':
                  - defaultbucket65304C97
                  - Arn
              - 'Fn::Join':
                  - ''
                  - - 'Fn::GetAtt':
                        - defaultbucket65304C97
                        - Arn
                    - /*
        Version: '2012-10-17'
  defaultcluster07071299:
    Type: 'AWS::ECS::Cluster'
    Properties:
      ClusterSettings:
        - Name: containerInsights
          Value: enhanced
      Tags:
        - Key: Name
          Value: RestateBYOC/default/cluster
  defaultrestatetaskrole1A7BDFBB:
    Type: 'AWS::IAM::Role'
    Properties:
      AssumeRolePolicyDocument:
        Statement:
          - Action: 'sts:AssumeRole'
            Effect: Allow
            Principal:
              Service: ecs-tasks.amazonaws.com
        Version: '2012-10-17'
  defaultrestatetaskroleDefaultPolicy58736B8D:
    Type: 'AWS::IAM::Policy'
    Properties:
      PolicyDocument:
        Statement:
          - Action:
              - 's3:GetObject'
              - 's3:PutObject'
            Effect: Allow
            Resource:
              'Fn::Join':
                - ''
                - - 'Fn::GetAtt':
                      - defaultbucket65304C97
                      - Arn
                  - /*
            Sid: ReadWriteBucket
          - Action: 's3:ListBucket'
            Effect: Allow
            Resource:
              'Fn::GetAtt':
                - defaultbucket65304C97
                - Arn
            Sid: ListBucket
        Version: '2012-10-17'
      PolicyName: defaultrestatetaskroleDefaultPolicy58736B8D
      Roles:
        - Ref: defaultrestatetaskrole1A7BDFBB
  defaultrestateexecutionrole4009B294:
    Type: 'AWS::IAM::Role'
    Properties:
      AssumeRolePolicyDocument:
        Statement:
          - Action: 'sts:AssumeRole'
            Effect: Allow
            Principal:
              Service: ecs-tasks.amazonaws.com
        Version: '2012-10-17'
  defaultrestateexecutionroleDefaultPolicy3E1E0421:
    Type: 'AWS::IAM::Policy'
    Properties:
      PolicyDocument:
        Statement:
          - Action:
              - 'logs:CreateLogStream'
              - 'logs:PutLogEvents'
            Effect: Allow
            Resource:
              'Fn::GetAtt':
                - defaultstatelessdefinitionrestateLogGroup49FB832E
                - Arn
          - Action:
              - 'logs:CreateLogStream'
              - 'logs:PutLogEvents'
            Effect: Allow
            Resource:
              'Fn::GetAtt':
                - defaultstatefuldefinitionrestateLogGroup3CA44D5E
                - Arn
        Version: '2012-10-17'
      PolicyName: defaultrestateexecutionroleDefaultPolicy3E1E0421
      Roles:
        - Ref: defaultrestateexecutionrole4009B294
  defaultsharednlb5E13F2A0:
    Type: 'AWS::ElasticLoadBalancingV2::LoadBalancer'
    Properties:
      LoadBalancerAttributes:
        - Key: deletion_protection.enabled
          Value: 'false'
        - Key: load_balancing.cross_zone.enabled
          Value: 'false'
        - Key: dns_record.client_routing_policy
          Value: availability_zone_affinity
      Scheme: internal
      SecurityGroups:
        - 'Fn::GetAtt':
            - defaultsecuritygroupE8DEFA55
            - GroupId
      Subnets:
        - 'Fn::ImportValue': 'VPCStack:ExportsOutputRefvpcPrivateSubnet1Subnet934893E8236E2271'
        - 'Fn::ImportValue': 'VPCStack:ExportsOutputRefvpcPrivateSubnet2Subnet7031C2BA60DCB1EE'
        - 'Fn::ImportValue': 'VPCStack:ExportsOutputRefvpcPrivateSubnet3Subnet985AC459F9514491'
      Tags:
        - Key: Name
          Value: RestateBYOC/default/shared-nlb
      Type: network
  defaultingresssharedlistener3AB06661:
    Type: 'AWS::ElasticLoadBalancingV2::Listener'
    Properties:
      DefaultActions:
        - TargetGroupArn:
            Ref: defaultingresssharedtarget501739FD
          Type: forward
      LoadBalancerArn:
        Ref: defaultsharednlb5E13F2A0
      Port: 8080
      Protocol: TCP
  defaultadminsharedlistener2B6E2F69:
    Type: 'AWS::ElasticLoadBalancingV2::Listener'
    Properties:
      DefaultActions:
        - TargetGroupArn:
            Ref: defaultadminsharedtarget04FDBD2A
          Type: forward
      LoadBalancerArn:
        Ref: defaultsharednlb5E13F2A0
      Port: 9070
      Protocol: TCP
  defaultnodesharedlistenerF94E5381:
    Type: 'AWS::ElasticLoadBalancingV2::Listener'
    Properties:
      DefaultActions:
        - TargetGroupArn:
            Ref: defaultnodesharedtarget1C48E466
          Type: forward
      LoadBalancerArn:
        Ref: defaultsharednlb5E13F2A0
      Port: 5122
      Protocol: TCP
  defaultstatelessdefinitionDCB0B7C0:
    Type: 'AWS::ECS::TaskDefinition'
    Properties:
      ContainerDefinitions:
        - Cpu: 16384
          EntryPoint:
            - bash
            - '-c'
            - >

              curl --no-progress-meter $ECS_CONTAINER_METADATA_URI_V4 -o
              container-metadata && \\

              curl --no-progress-meter $ECS_CONTAINER_METADATA_URI_V4/task -o
              task-metadata && \\

              export \\
                RESTATE_NODE_NAME=$(jq -r '.TaskARN' task-metadata) \\
                RESTATE_LOCATION="$AWS_REGION.$(jq -r '.AvailabilityZone' task-metadata)" \\
                RESTATE_ADVERTISED_ADDRESS="http://$(jq -r '.Networks[0].IPv4Addresses[0]' container-metadata):5122"
              exec restate-server
          Environment:
            - Name: RESTATE_LOG_FORMAT
              Value: json
            - Name: RESTATE_CLUSTER_NAME
              Value: RestateBYOC/default
            - Name: RESTATE_ROLES
              Value: '["admin","http-ingress"]'
            - Name: RESTATE_AUTO_PROVISION
              Value: 'true'
            - Name: RESTATE_SHUTDOWN_TIMEOUT
              Value: 100s
            - Name: RESTATE_DEFAULT_NUM_PARTITIONS
              Value: '128'
            - Name: RESTATE_DEFAULT_REPLICATION
              Value: '{zone: 2}'
            - Name: RESTATE_METADATA_CLIENT__TYPE
              Value: object-store
            - Name: RESTATE_METADATA_CLIENT__PATH
              Value:
                'Fn::Join':
                  - ''
                  - - 's3://'
                    - Ref: defaultbucket65304C97
                    - /metadata
            - Name: RESTATE_BIFROST__DEFAULT_PROVIDER
              Value: replicated
            - Name: >-
                RESTATE_INGRESS__EXPERIMENTAL_FEATURE_ENABLE_SEPARATE_INGRESS_ROLE
              Value: 'true'
            - Name: RESTATE_INGRESS__ADVERTISED_INGRESS_ENDPOINT
              Value:
                'Fn::Join':
                  - ''
                  - - 'http://'
                    - 'Fn::GetAtt':
                        - defaultsharednlb5E13F2A0
                        - DNSName
                    - ':8080'
            - Name: RESTATE_WORKER__SNAPSHOTS__DESTINATION
              Value:
                'Fn::Join':
                  - ''
                  - - 's3://'
                    - Ref: defaultbucket65304C97
                    - /snapshots
          Essential: true
          HealthCheck:
            Command:
              - CMD
              - curl
              - '--fail'
              - 'http://127.0.0.1:8080/restate/health'
            Interval: 30
            Retries: 3
            Timeout: 5
          Image: Any<Object>
          LogConfiguration:
            LogDriver: awslogs
            Options:
              awslogs-group:
                Ref: defaultstatelessdefinitionrestateLogGroup49FB832E
              awslogs-stream-prefix: restate
              awslogs-region: region
          Memory: 32768
          Name: restate
          PortMappings:
            - ContainerPort: 8080
              Name: ingress
              Protocol: tcp
            - ContainerPort: 9070
              Name: admin
              Protocol: tcp
            - ContainerPort: 5122
              Name: node
              Protocol: tcp
          StopTimeout: 120
      Cpu: '16384'
      ExecutionRoleArn:
        'Fn::GetAtt':
          - defaultrestateexecutionrole4009B294
          - Arn
      Family: RestateBYOCdefaultstatelessdefinitionFF58C79A
      Memory: '32768'
      NetworkMode: awsvpc
      RequiresCompatibilities:
        - FARGATE
      RuntimePlatform:
        CpuArchitecture: ARM64
        OperatingSystemFamily: LINUX
      Tags:
        - Key: Name
          Value: RestateBYOC/default/stateless-definition
      TaskRoleArn:
        'Fn::GetAtt':
          - defaultrestatetaskrole1A7BDFBB
          - Arn
  defaultstatelessdefinitionrestateLogGroup49FB832E:
    Type: 'AWS::Logs::LogGroup'
    Properties:
      Tags:
        - Key: Name
          Value: RestateBYOC/default/stateless-definition
    UpdateReplacePolicy: Retain
    DeletionPolicy: Retain
  defaultstatelessserviceService8A7FABFB:
    Type: 'AWS::ECS::Service'
    Properties:
      Cluster:
        Ref: defaultcluster07071299
      DeploymentConfiguration:
        Alarms:
          AlarmNames: []
          Enable: false
          Rollback: false
        MaximumPercent: 200
        MinimumHealthyPercent: 100
      DesiredCount: 3
      EnableECSManagedTags: false
      EnableExecuteCommand: false
      HealthCheckGracePeriodSeconds: 60
      LaunchType: FARGATE
      LoadBalancers:
        - ContainerName: restate
          ContainerPort: 8080
          TargetGroupArn:
            Ref: defaultingresssharedtarget501739FD
        - ContainerName: restate
          ContainerPort: 9070
          TargetGroupArn:
            Ref: defaultadminsharedtarget04FDBD2A
        - ContainerName: restate
          ContainerPort: 5122
          TargetGroupArn:
            Ref: defaultnodesharedtarget1C48E466
      NetworkConfiguration:
        AwsvpcConfiguration:
          AssignPublicIp: DISABLED
          SecurityGroups:
            - 'Fn::GetAtt':
                - defaultsecuritygroupE8DEFA55
                - GroupId
          Subnets:
            - 'Fn::ImportValue': 'VPCStack:ExportsOutputRefvpcPrivateSubnet1Subnet934893E8236E2271'
            - 'Fn::ImportValue': 'VPCStack:ExportsOutputRefvpcPrivateSubnet2Subnet7031C2BA60DCB1EE'
            - 'Fn::ImportValue': 'VPCStack:ExportsOutputRefvpcPrivateSubnet3Subnet985AC459F9514491'
      PropagateTags: SERVICE
      Tags:
        - Key: Name
          Value: RestateBYOC/default/stateless-service
      TaskDefinition:
        Ref: defaultstatelessdefinitionDCB0B7C0
    DependsOn:
      - defaultadminsharedlistener2B6E2F69
      - defaultingresssharedlistener3AB06661
      - defaultnodesharedlistenerF94E5381
      - defaultrestatetaskroleDefaultPolicy58736B8D
      - defaultrestatetaskrole1A7BDFBB
  defaultstatefuldefinition4CD55F35:
    Type: 'AWS::ECS::TaskDefinition'
    Properties:
      ContainerDefinitions:
        - Cpu: 16384
          EntryPoint:
            - bash
            - '-c'
            - >

              curl --no-progress-meter $ECS_CONTAINER_METADATA_URI_V4 -o
              container-metadata && \\

              curl --no-progress-meter $ECS_CONTAINER_METADATA_URI_V4/task -o
              task-metadata && \\

              export \\
                RESTATE_NODE_NAME=$(jq -r '.TaskARN' task-metadata) \\
                RESTATE_LOCATION="$AWS_REGION.$(jq -r '.AvailabilityZone' task-metadata)" \\
                RESTATE_ADVERTISED_ADDRESS="http://$(jq -r '.Networks[0].IPv4Addresses[0]' container-metadata):5122" \\
                RESTATE_ROCKSDB_TOTAL_MEMORY_SIZE="$(($(jq -r '.Limits.Memory' container-metadata) * 3 / 4))MiB" \\
                RESTATE_WORKER__STORAGE__NUM_PARTITIONS_TO_SHARE_MEMORY_BUDGET=$(("$RESTATE_WORKER__STORAGE__NUM_PARTITIONS_TO_SHARE_MEMORY_BUDGET"))
              exec restate-server
          Environment:
            - Name: RESTATE_LOG_FORMAT
              Value: json
            - Name: RESTATE_CLUSTER_NAME
              Value: RestateBYOC/default
            - Name: RESTATE_ROLES
              Value: '["log-server", "worker"]'
            - Name: RESTATE_AUTO_PROVISION
              Value: 'false'
            - Name: RESTATE_SHUTDOWN_TIMEOUT
              Value: 100s
            - Name: RESTATE_METADATA_CLIENT__TYPE
              Value: object-store
            - Name: RESTATE_METADATA_CLIENT__PATH
              Value:
                'Fn::Join':
                  - ''
                  - - 's3://'
                    - Ref: defaultbucket65304C97
                    - /metadata
            - Name: RESTATE_WORKER__SNAPSHOTS__DESTINATION
              Value:
                'Fn::Join':
                  - ''
                  - - 's3://'
                    - Ref: defaultbucket65304C97
                    - /snapshots
            - Name: RESTATE_WORKER__SNAPSHOTS__SNAPSHOT_INTERVAL_NUM_RECORDS
              Value: '1000000'
            - Name: RESTATE_WORKER__STORAGE__ROCKSDB_DISABLE_DIRECT_IO_FOR_READS
              Value: 'true'
            - Name: RESTATE_WORKER__STORAGE__ROCKSDB_DISABLE_WAL_FSYNC
              Value: 'true'
            - Name: RESTATE_WORKER__STORAGE__NUM_PARTITIONS_TO_SHARE_MEMORY_BUDGET
              Value: (128 * 2) / (3 * 1)
            - Name: RESTATE_LOG_SERVER__ROCKSDB_DISABLE_WAL_FSYNC
              Value: 'true'
            - Name: RESTATE_LOG_SERVER__ROCKSDB_DISABLE_DIRECT_IO_FOR_READS
              Value: 'true'
            - Name: >-
                RESTATE_INGRESS__EXPERIMENTAL_FEATURE_ENABLE_SEPARATE_INGRESS_ROLE
              Value: 'true'
          Essential: true
          HealthCheck:
            Command:
              - CMD
              - curl
              - '--fail'
              - 'http://127.0.0.1:5122/health'
            Interval: 30
            Retries: 3
            Timeout: 5
          Image: Any<Object>
          LogConfiguration:
            LogDriver: awslogs
            Options:
              awslogs-group:
                Ref: defaultstatefuldefinitionrestateLogGroup3CA44D5E
              awslogs-stream-prefix: restate
              awslogs-region: region
          Memory: 32768
          MountPoints:
            - ContainerPath: /restate-data
              ReadOnly: false
              SourceVolume: restate-data
          Name: restate
          PortMappings:
            - ContainerPort: 5122
              Name: node
              Protocol: tcp
          RestartPolicy:
            Enabled: true
            RestartAttemptPeriod: 60
          StopTimeout: 120
      Cpu: '16384'
      EphemeralStorage:
        SizeInGiB: 200
      ExecutionRoleArn:
        'Fn::GetAtt':
          - defaultrestateexecutionrole4009B294
          - Arn
      Family: RestateBYOCdefaultstatefuldefinition4D62F21B
      Memory: '32768'
      NetworkMode: awsvpc
      RequiresCompatibilities:
        - FARGATE
      RuntimePlatform:
        CpuArchitecture: ARM64
        OperatingSystemFamily: LINUX
      Tags:
        - Key: Name
          Value: RestateBYOC/default/stateful-definition
      TaskRoleArn:
        'Fn::GetAtt':
          - defaultrestatetaskrole1A7BDFBB
          - Arn
      Volumes:
        - ConfiguredAtLaunch: false
          Name: restate-data
  defaultstatefuldefinitionrestateLogGroup3CA44D5E:
    Type: 'AWS::Logs::LogGroup'
    Properties:
      Tags:
        - Key: Name
          Value: RestateBYOC/default/stateful-definition
    UpdateReplacePolicy: Retain
    DeletionPolicy: Retain
  defaultingresssharedtarget501739FD:
    Type: 'AWS::ElasticLoadBalancingV2::TargetGroup'
    Properties:
      HealthCheckEnabled: true
      HealthCheckIntervalSeconds: 5
      HealthCheckPath: /restate/health
      HealthCheckProtocol: HTTP
      HealthCheckTimeoutSeconds: 2
      Port: 8080
      Protocol: TCP
      Tags:
        - Key: Name
          Value: RestateBYOC/default/ingress-shared-target
      TargetType: ip
      VpcId:
        'Fn::ImportValue': 'VPCStack:ExportsOutputRefvpcA2121C384D1B3CDE'
  defaultadminsharedtarget04FDBD2A:
    Type: 'AWS::ElasticLoadBalancingV2::TargetGroup'
    Properties:
      HealthCheckEnabled: true
      HealthCheckIntervalSeconds: 5
      HealthCheckPath: /health
      HealthCheckPort: '9070'
      HealthCheckProtocol: HTTP
      HealthCheckTimeoutSeconds: 2
      Port: 9070
      Protocol: TCP
      Tags:
        - Key: Name
          Value: RestateBYOC/default/admin-shared-target
      TargetType: ip
      VpcId:
        'Fn::ImportValue': 'VPCStack:ExportsOutputRefvpcA2121C384D1B3CDE'
  defaultnodesharedtarget1C48E466:
    Type: 'AWS::ElasticLoadBalancingV2::TargetGroup'
    Properties:
      HealthCheckEnabled: true
      HealthCheckIntervalSeconds: 5
      HealthCheckPath: /health
      HealthCheckPort: '5122'
      HealthCheckProtocol: HTTP
      HealthCheckTimeoutSeconds: 2
      Port: 5122
      Protocol: TCP
      Tags:
        - Key: Name
          Value: RestateBYOC/default/node-shared-target
      TargetType: ip
      VpcId:
        'Fn::ImportValue': 'VPCStack:ExportsOutputRefvpcA2121C384D1B3CDE'
  defaultcontrollertaskrole7B120178:
    Type: 'AWS::IAM::Role'
    Properties:
      AssumeRolePolicyDocument:
        Statement:
          - Action: 'sts:AssumeRole'
            Effect: Allow
            Principal:
              Service: ecs-tasks.amazonaws.com
        Version: '2012-10-17'
  defaultcontrollertaskroleDefaultPolicy328ED952:
    Type: 'AWS::IAM::Policy'
    Properties:
      PolicyDocument:
        Statement:
          - Action: 'ecs:ListTasks'
            Condition:
              ArnEquals:
                'ecs:cluster':
                  'Fn::GetAtt':
                    - defaultcluster07071299
                    - Arn
            Effect: Allow
            Resource: '*'
            Sid: ECSListActions
          - Action:
              - 'ecs:TagResource'
              - 'ecs:DescribeTasks'
              - 'ecs:StopTask'
            Effect: Allow
            Resource:
              'Fn::Join':
                - ''
                - - 'Fn::Join':
                      - /
                      - - 'Fn::Join':
                            - ':'
                            - - 'Fn::Select':
                                  - 0
                                  - 'Fn::Split':
                                      - ':'
                                      - 'Fn::Select':
                                          - 0
                                          - 'Fn::Split':
                                              - /
                                              - 'Fn::GetAtt':
                                                  - defaultcluster07071299
                                                  - Arn
                              - 'Fn::Select':
                                  - 1
                                  - 'Fn::Split':
                                      - ':'
                                      - 'Fn::Select':
                                          - 0
                                          - 'Fn::Split':
                                              - /
                                              - 'Fn::GetAtt':
                                                  - defaultcluster07071299
                                                  - Arn
                              - 'Fn::Select':
                                  - 2
                                  - 'Fn::Split':
                                      - ':'
                                      - 'Fn::Select':
                                          - 0
                                          - 'Fn::Split':
                                              - /
                                              - 'Fn::GetAtt':
                                                  - defaultcluster07071299
                                                  - Arn
                              - 'Fn::Select':
                                  - 3
                                  - 'Fn::Split':
                                      - ':'
                                      - 'Fn::Select':
                                          - 0
                                          - 'Fn::Split':
                                              - /
                                              - 'Fn::GetAtt':
                                                  - defaultcluster07071299
                                                  - Arn
                              - 'Fn::Select':
                                  - 4
                                  - 'Fn::Split':
                                      - ':'
                                      - 'Fn::Select':
                                          - 0
                                          - 'Fn::Split':
                                              - /
                                              - 'Fn::GetAtt':
                                                  - defaultcluster07071299
                                                  - Arn
                              - task
                        - 'Fn::Select':
                            - 1
                            - 'Fn::Split':
                                - /
                                - 'Fn::GetAtt':
                                    - defaultcluster07071299
                                    - Arn
                        - ''
                  - '*'
            Sid: TaskActions
          - Action: 'ecs:RunTask'
            Condition:
              ArnEquals:
                'ecs:cluster':
                  'Fn::GetAtt':
                    - defaultcluster07071299
                    - Arn
            Effect: Allow
            Resource:
              'Fn::Join':
                - ''
                - - 'Fn::Join':
                      - ':'
                      - - 'Fn::Select':
                            - 0
                            - 'Fn::Split':
                                - ':'
                                - Ref: defaultstatefuldefinition4CD55F35
                        - 'Fn::Select':
                            - 1
                            - 'Fn::Split':
                                - ':'
                                - Ref: defaultstatefuldefinition4CD55F35
                        - 'Fn::Select':
                            - 2
                            - 'Fn::Split':
                                - ':'
                                - Ref: defaultstatefuldefinition4CD55F35
                        - 'Fn::Select':
                            - 3
                            - 'Fn::Split':
                                - ':'
                                - Ref: defaultstatefuldefinition4CD55F35
                        - 'Fn::Select':
                            - 4
                            - 'Fn::Split':
                                - ':'
                                - Ref: defaultstatefuldefinition4CD55F35
                        - 'Fn::Select':
                            - 5
                            - 'Fn::Split':
                                - ':'
                                - Ref: defaultstatefuldefinition4CD55F35
                  - ':*'
            Sid: RunTask
          - Action: 'iam:PassRole'
            Condition:
              StringEquals:
                'iam:PassedToService': ecs-tasks.amazonaws.com
            Effect: Allow
            Resource:
              - 'Fn::GetAtt':
                  - defaultrestatetaskrole1A7BDFBB
                  - Arn
              - 'Fn::GetAtt':
                  - defaultrestateexecutionrole4009B294
                  - Arn
            Sid: RunTaskPassRole
          - Action:
              - 'ec2:DescribeVolumes'
              - 'ec2:DescribeSnapshots'
            Effect: Allow
            Resource: '*'
            Sid: EC2ListActions
          - Action: 'ec2:CreateSnapshot'
            Condition:
              ArnEquals:
                'aws:RequestTag/restate:ecsClusterArn':
                  'Fn::GetAtt':
                    - defaultcluster07071299
                    - Arn
            Effect: Allow
            Resource:
              'Fn::Join':
                - ''
                - - 'arn:'
                  - Ref: 'AWS::Partition'
                  - ':ec2:'
                  - Ref: 'AWS::Region'
                  - '::snapshot/*'
            Sid: CreateSnapshot
          - Action: 'ec2:CreateSnapshot'
            Condition:
              ArnEquals:
                'aws:ResourceTag/restate:ecsClusterArn':
                  'Fn::GetAtt':
                    - defaultcluster07071299
                    - Arn
            Effect: Allow
            Resource:
              'Fn::Join':
                - ''
                - - 'arn:'
                  - Ref: 'AWS::Partition'
                  - ':ec2:'
                  - Ref: 'AWS::Region'
                  - ':'
                  - Ref: 'AWS::AccountId'
                  - ':volume/*'
            Sid: SnapshotVolume
          - Action: 'ec2:CreateTags'
            Condition:
              StringEquals:
                'ec2:CreateAction': CreateSnapshot
            Effect: Allow
            Resource:
              'Fn::Join':
                - ''
                - - 'arn:'
                  - Ref: 'AWS::Partition'
                  - ':ec2:'
                  - Ref: 'AWS::Region'
                  - '::snapshot/*'
            Sid: TagSnapshots
          - Action:
              - 'ec2:DeleteVolume'
              - 'ec2:DeleteSnapshot'
            Condition:
              ArnEquals:
                'aws:ResourceTag/restate:ecsClusterArn':
                  'Fn::GetAtt':
                    - defaultcluster07071299
                    - Arn
            Effect: Allow
            Resource:
              - 'Fn::Join':
                  - ''
                  - - 'arn:'
                    - Ref: 'AWS::Partition'
                    - ':ec2:'
                    - Ref: 'AWS::Region'
                    - ':'
                    - Ref: 'AWS::AccountId'
                    - ':volume/*'
              - 'Fn::Join':
                  - ''
                  - - 'arn:'
                    - Ref: 'AWS::Partition'
                    - ':ec2:'
                    - Ref: 'AWS::Region'
                    - '::snapshot/*'
            Sid: DeleteVolumeAndSnapshot
          - Action:
              - 's3:GetObject'
              - 's3:PutObject'
            Effect: Allow
            Resource:
              'Fn::Join':
                - ''
                - - 'Fn::GetAtt':
                      - defaultbucket65304C97
                      - Arn
                  - /*
            Sid: ReadWriteBucket
          - Action: 's3:ListBucket'
            Effect: Allow
            Resource:
              'Fn::GetAtt':
                - defaultbucket65304C97
                - Arn
            Sid: ListBucket
        Version: '2012-10-17'
      PolicyName: defaultcontrollertaskroleDefaultPolicy328ED952
      Roles:
        - Ref: defaultcontrollertaskrole7B120178
  defaultcontrollerexecutionrole67636991:
    Type: 'AWS::IAM::Role'
    Properties:
      AssumeRolePolicyDocument:
        Statement:
          - Action: 'sts:AssumeRole'
            Effect: Allow
            Principal:
              Service: ecs-tasks.amazonaws.com
        Version: '2012-10-17'
  defaultcontrollerexecutionroleDefaultPolicy53CE4FA0:
    Type: 'AWS::IAM::Policy'
    Properties:
      PolicyDocument:
        Statement:
          - Action:
              - 'logs:CreateLogStream'
              - 'logs:PutLogEvents'
            Effect: Allow
            Resource:
              'Fn::GetAtt':
                - defaultcontrollerdefinitioncontrollerLogGroup60752F65
                - Arn
        Version: '2012-10-17'
      PolicyName: defaultcontrollerexecutionroleDefaultPolicy53CE4FA0
      Roles:
        - Ref: defaultcontrollerexecutionrole67636991
  defaultcontrollerdefinition66AD165F:
    Type: 'AWS::ECS::TaskDefinition'
    Properties:
      ContainerDefinitions:
        - Cpu: 1024
          Environment:
            - Name: RUST_LOG
              Value: 'info,restate_fargate_controller=debug'
            - Name: CONTROLLER_LOG_FORMAT
              Value: json
            - Name: CONTROLLER_METADATA_PATH
              Value:
                'Fn::Join':
                  - ''
                  - - 's3://'
                    - Ref: defaultbucket65304C97
                    - /metadata
            - Name: CONTROLLER_RECONCILE_INTERVAL
              Value: 10s
            - Name: CONTROLLER_CLUSTER__CLUSTER_ARN
              Value:
                'Fn::GetAtt':
                  - defaultcluster07071299
                  - Arn
            - Name: CONTROLLER_LICENSE_ID
              Value: foo
            - Name:
                'Fn::Join':
                  - ''
                  - - CONTROLLER_ECS_CLUSTERS__
                    - Ref: 'AWS::Region'
                    - __REGION
              Value:
                Ref: 'AWS::Region'
            - Name:
                'Fn::Join':
                  - ''
                  - - CONTROLLER_ECS_CLUSTERS__
                    - Ref: 'AWS::Region'
                    - __CLUSTER_ARN
              Value:
                'Fn::GetAtt':
                  - defaultcluster07071299
                  - Arn
            - Name:
                'Fn::Join':
                  - ''
                  - - CONTROLLER_ECS_CLUSTERS__
                    - Ref: 'AWS::Region'
                    - __TASK_PREFIX
              Value:
                'Fn::Join':
                  - /
                  - - 'Fn::Join':
                        - ':'
                        - - 'Fn::Select':
                              - 0
                              - 'Fn::Split':
                                  - ':'
                                  - 'Fn::Select':
                                      - 0
                                      - 'Fn::Split':
                                          - /
                                          - 'Fn::GetAtt':
                                              - defaultcluster07071299
                                              - Arn
                          - 'Fn::Select':
                              - 1
                              - 'Fn::Split':
                                  - ':'
                                  - 'Fn::Select':
                                      - 0
                                      - 'Fn::Split':
                                          - /
                                          - 'Fn::GetAtt':
                                              - defaultcluster07071299
                                              - Arn
                          - 'Fn::Select':
                              - 2
                              - 'Fn::Split':
                                  - ':'
                                  - 'Fn::Select':
                                      - 0
                                      - 'Fn::Split':
                                          - /
                                          - 'Fn::GetAtt':
                                              - defaultcluster07071299
                                              - Arn
                          - 'Fn::Select':
                              - 3
                              - 'Fn::Split':
                                  - ':'
                                  - 'Fn::Select':
                                      - 0
                                      - 'Fn::Split':
                                          - /
                                          - 'Fn::GetAtt':
                                              - defaultcluster07071299
                                              - Arn
                          - 'Fn::Select':
                              - 4
                              - 'Fn::Split':
                                  - ':'
                                  - 'Fn::Select':
                                      - 0
                                      - 'Fn::Split':
                                          - /
                                          - 'Fn::GetAtt':
                                              - defaultcluster07071299
                                              - Arn
                          - task
                    - 'Fn::Select':
                        - 1
                        - 'Fn::Split':
                            - /
                            - 'Fn::GetAtt':
                                - defaultcluster07071299
                                - Arn
                    - ''
            - Name: CONTROLLER_EBS_SNAPSHOT_RETENTION_PERIOD
              Value: 24h
            - Name:
                'Fn::Join':
                  - ''
                  - - CONTROLLER_ECS_CLUSTERS__
                    - Ref: 'AWS::Region'
                    - __ZONES__dummy1a__ENABLE_EXECUTE_COMMAND
              Value: 'false'
            - Name:
                'Fn::Join':
                  - ''
                  - - CONTROLLER_ECS_CLUSTERS__
                    - Ref: 'AWS::Region'
                    - __ZONES__dummy1a__SECURITY_GROUPS
              Value:
                'Fn::Join':
                  - ''
                  - - '["'
                    - 'Fn::GetAtt':
                        - defaultsecuritygroupE8DEFA55
                        - GroupId
                    - '"]'
            - Name:
                'Fn::Join':
                  - ''
                  - - CONTROLLER_ECS_CLUSTERS__
                    - Ref: 'AWS::Region'
                    - __ZONES__dummy1a__SUBNETS
              Value:
                'Fn::Join':
                  - ''
                  - - '["'
                    - 'Fn::ImportValue': >-
                        VPCStack:ExportsOutputRefvpcPrivateSubnet1Subnet934893E8236E2271
                    - '"]'
            - Name:
                'Fn::Join':
                  - ''
                  - - CONTROLLER_ECS_CLUSTERS__
                    - Ref: 'AWS::Region'
                    - __ZONES__dummy1a__TASK_DEFINITION_ARN
              Value:
                Ref: defaultstatefuldefinition4CD55F35
            - Name:
                'Fn::Join':
                  - ''
                  - - CONTROLLER_ECS_CLUSTERS__
                    - Ref: 'AWS::Region'
                    - __ZONES__dummy1a__COUNT
              Value: '1'
            - Name:
                'Fn::Join':
                  - ''
                  - - CONTROLLER_ECS_CLUSTERS__
                    - Ref: 'AWS::Region'
                    - __ZONES__dummy1b__ENABLE_EXECUTE_COMMAND
              Value: 'false'
            - Name:
                'Fn::Join':
                  - ''
                  - - CONTROLLER_ECS_CLUSTERS__
                    - Ref: 'AWS::Region'
                    - __ZONES__dummy1b__SECURITY_GROUPS
              Value:
                'Fn::Join':
                  - ''
                  - - '["'
                    - 'Fn::GetAtt':
                        - defaultsecuritygroupE8DEFA55
                        - GroupId
                    - '"]'
            - Name:
                'Fn::Join':
                  - ''
                  - - CONTROLLER_ECS_CLUSTERS__
                    - Ref: 'AWS::Region'
                    - __ZONES__dummy1b__SUBNETS
              Value:
                'Fn::Join':
                  - ''
                  - - '["'
                    - 'Fn::ImportValue': >-
                        VPCStack:ExportsOutputRefvpcPrivateSubnet2Subnet7031C2BA60DCB1EE
                    - '"]'
            - Name:
                'Fn::Join':
                  - ''
                  - - CONTROLLER_ECS_CLUSTERS__
                    - Ref: 'AWS::Region'
                    - __ZONES__dummy1b__TASK_DEFINITION_ARN
              Value:
                Ref: defaultstatefuldefinition4CD55F35
            - Name:
                'Fn::Join':
                  - ''
                  - - CONTROLLER_ECS_CLUSTERS__
                    - Ref: 'AWS::Region'
                    - __ZONES__dummy1b__COUNT
              Value: '1'
            - Name:
                'Fn::Join':
                  - ''
                  - - CONTROLLER_ECS_CLUSTERS__
                    - Ref: 'AWS::Region'
                    - __ZONES__dummy1c__ENABLE_EXECUTE_COMMAND
              Value: 'false'
            - Name:
                'Fn::Join':
                  - ''
                  - - CONTROLLER_ECS_CLUSTERS__
                    - Ref: 'AWS::Region'
                    - __ZONES__dummy1c__SECURITY_GROUPS
              Value:
                'Fn::Join':
                  - ''
                  - - '["'
                    - 'Fn::GetAtt':
                        - defaultsecuritygroupE8DEFA55
                        - GroupId
                    - '"]'
            - Name:
                'Fn::Join':
                  - ''
                  - - CONTROLLER_ECS_CLUSTERS__
                    - Ref: 'AWS::Region'
                    - __ZONES__dummy1c__SUBNETS
              Value:
                'Fn::Join':
                  - ''
                  - - '["'
                    - 'Fn::ImportValue': >-
                        VPCStack:ExportsOutputRefvpcPrivateSubnet3Subnet985AC459F9514491
                    - '"]'
            - Name:
                'Fn::Join':
                  - ''
                  - - CONTROLLER_ECS_CLUSTERS__
                    - Ref: 'AWS::Region'
                    - __ZONES__dummy1c__TASK_DEFINITION_ARN
              Value:
                Ref: defaultstatefuldefinition4CD55F35
            - Name:
                'Fn::Join':
                  - ''
                  - - CONTROLLER_ECS_CLUSTERS__
                    - Ref: 'AWS::Region'
                    - __ZONES__dummy1c__COUNT
              Value: '1'
          Essential: true
          HealthCheck:
            Command:
              - CMD
              - curl
              - '--fail'
              - 'http://127.0.0.1:8080/health'
            Interval: 30
            Retries: 10
            StartPeriod: 300
            Timeout: 5
          Image: Any<Object>
          LogConfiguration:
            LogDriver: awslogs
            Options:
              awslogs-group:
                Ref: defaultcontrollerdefinitioncontrollerLogGroup60752F65
              awslogs-stream-prefix: controller
              awslogs-region: region
          Memory: 2048
          Name: controller
          StopTimeout: 120
      Cpu: '1024'
      ExecutionRoleArn:
        'Fn::GetAtt':
          - defaultcontrollerexecutionrole67636991
          - Arn
      Family: RestateBYOCdefaultcontrollerdefinition426584A5
      Memory: '2048'
      NetworkMode: awsvpc
      RequiresCompatibilities:
        - FARGATE
      RuntimePlatform:
        CpuArchitecture: ARM64
        OperatingSystemFamily: LINUX
      Tags:
        - Key: Name
          Value: RestateBYOC/default/controller-definition
      TaskRoleArn:
        'Fn::GetAtt':
          - defaultcontrollertaskrole7B120178
          - Arn
  defaultcontrollerdefinitioncontrollerLogGroup60752F65:
    Type: 'AWS::Logs::LogGroup'
    Properties:
      Tags:
        - Key: Name
          Value: RestateBYOC/default/controller-definition
    UpdateReplacePolicy: Retain
    DeletionPolicy: Retain
  defaultcontrollerserviceService18139D09:
    Type: 'AWS::ECS::Service'
    Properties:
      Cluster:
        Ref: defaultcluster07071299
      DeploymentConfiguration:
        Alarms:
          AlarmNames: []
          Enable: false
          Rollback: false
        MaximumPercent: 100
        MinimumHealthyPercent: 0
      DesiredCount: 1
      EnableECSManagedTags: false
      EnableExecuteCommand: false
      LaunchType: FARGATE
      NetworkConfiguration:
        AwsvpcConfiguration:
          AssignPublicIp: DISABLED
          SecurityGroups:
            - 'Fn::GetAtt':
                - defaultsecuritygroupE8DEFA55
                - GroupId
          Subnets:
            - 'Fn::ImportValue': 'VPCStack:ExportsOutputRefvpcPrivateSubnet1Subnet934893E8236E2271'
            - 'Fn::ImportValue': 'VPCStack:ExportsOutputRefvpcPrivateSubnet2Subnet7031C2BA60DCB1EE'
            - 'Fn::ImportValue': 'VPCStack:ExportsOutputRefvpcPrivateSubnet3Subnet985AC459F9514491'
      Tags:
        - Key: Name
          Value: RestateBYOC/default/controller-service
      TaskDefinition:
        Ref: defaultcontrollerdefinition66AD165F
    DependsOn:
      - defaultcontrollertaskroleDefaultPolicy328ED952
      - defaultcontrollertaskrole7B120178
  defaultrestatectllambdaexecutionrole68199B2A:
    Type: 'AWS::IAM::Role'
    Properties:
      AssumeRolePolicyDocument:
        Statement:
          - Action: 'sts:AssumeRole'
            Effect: Allow
            Principal:
              Service: lambda.amazonaws.com
        Version: '2012-10-17'
  defaultrestatectllambdaexecutionroleDefaultPolicy52B70971:
    Type: 'AWS::IAM::Policy'
    Properties:
      PolicyDocument:
        Statement:
          - Action:
              - 'logs:CreateLogGroup'
              - 'logs:CreateLogStream'
              - 'logs:PutLogEvents'
              - 'ec2:CreateNetworkInterface'
              - 'ec2:DescribeNetworkInterfaces'
              - 'ec2:DescribeSubnets'
              - 'ec2:DeleteNetworkInterface'
              - 'ec2:AssignPrivateIpAddresses'
              - 'ec2:UnassignPrivateIpAddresses'
            Effect: Allow
            Resource: '*'
            Sid: AWSLambdaVPCAccessExecutionPermissions
        Version: '2012-10-17'
      PolicyName: defaultrestatectllambdaexecutionroleDefaultPolicy52B70971
      Roles:
        - Ref: defaultrestatectllambdaexecutionrole68199B2A
  defaultrestatectllambda05E7B262:
    Type: 'AWS::Lambda::Function'
    Properties:
      Architectures:
        - arm64
      Code: Any<Object>
      Environment:
        Variables:
          RESTATECTL_ADDRESS:
            'Fn::Join':
              - ''
              - - 'http://'
                - 'Fn::GetAtt':
                    - defaultsharednlb5E13F2A0
                    - DNSName
                - ':5122'
      Handler: restatectl
      Role:
        'Fn::GetAtt':
          - defaultrestatectllambdaexecutionrole68199B2A
          - Arn
      Runtime: provided.al2023
      Tags:
        - Key: Name
          Value: RestateBYOC/default/restatectl-lambda
      Timeout: 10
      VpcConfig:
        SecurityGroupIds:
          - 'Fn::GetAtt':
              - defaultsecuritygroupE8DEFA55
              - GroupId
        SubnetIds:
          - 'Fn::ImportValue': 'VPCStack:ExportsOutputRefvpcPrivateSubnet1Subnet934893E8236E2271'
          - 'Fn::ImportValue': 'VPCStack:ExportsOutputRefvpcPrivateSubnet2Subnet7031C2BA60DCB1EE'
          - 'Fn::ImportValue': 'VPCStack:ExportsOutputRefvpcPrivateSubnet3Subnet985AC459F9514491'
    DependsOn:
      - defaultrestatectllambdaexecutionroleDefaultPolicy52B70971
      - defaultrestatectllambdaexecutionrole68199B2A
  defaultretirementwatcherlambdaexecutionroleF14BB722:
    Type: 'AWS::IAM::Role'
    Properties:
      AssumeRolePolicyDocument:
        Statement:
          - Action: 'sts:AssumeRole'
            Effect: Allow
            Principal:
              Service: lambda.amazonaws.com
        Version: '2012-10-17'
  defaultretirementwatcherlambdaexecutionroleDefaultPolicy6242FE7D:
    Type: 'AWS::IAM::Policy'
    Properties:
      PolicyDocument:
        Statement:
          - Action:
              - 'logs:CreateLogGroup'
              - 'logs:CreateLogStream'
              - 'logs:PutLogEvents'
            Effect: Allow
            Resource: '*'
            Sid: AWSLambdaBasicExecutionPermissions
          - Action: 'ecs:TagResource'
            Effect: Allow
            Resource:
              'Fn::Join':
                - ''
                - - 'Fn::Join':
                      - /
                      - - 'Fn::Join':
                            - ':'
                            - - 'Fn::Select':
                                  - 0
                                  - 'Fn::Split':
                                      - ':'
                                      - 'Fn::Select':
                                          - 0
                                          - 'Fn::Split':
                                              - /
                                              - 'Fn::GetAtt':
                                                  - defaultcluster07071299
                                                  - Arn
                              - 'Fn::Select':
                                  - 1
                                  - 'Fn::Split':
                                      - ':'
                                      - 'Fn::Select':
                                          - 0
                                          - 'Fn::Split':
                                              - /
                                              - 'Fn::GetAtt':
                                                  - defaultcluster07071299
                                                  - Arn
                              - 'Fn::Select':
                                  - 2
                                  - 'Fn::Split':
                                      - ':'
                                      - 'Fn::Select':
                                          - 0
                                          - 'Fn::Split':
                                              - /
                                              - 'Fn::GetAtt':
                                                  - defaultcluster07071299
                                                  - Arn
                              - 'Fn::Select':
                                  - 3
                                  - 'Fn::Split':
                                      - ':'
                                      - 'Fn::Select':
                                          - 0
                                          - 'Fn::Split':
                                              - /
                                              - 'Fn::GetAtt':
                                                  - defaultcluster07071299
                                                  - Arn
                              - 'Fn::Select':
                                  - 4
                                  - 'Fn::Split':
                                      - ':'
                                      - 'Fn::Select':
                                          - 0
                                          - 'Fn::Split':
                                              - /
                                              - 'Fn::GetAtt':
                                                  - defaultcluster07071299
                                                  - Arn
                              - task
                        - 'Fn::Select':
                            - 1
                            - 'Fn::Split':
                                - /
                                - 'Fn::GetAtt':
                                    - defaultcluster07071299
                                    - Arn
                        - ''
                  - '*'
            Sid: TagTasks
          - Action:
              - 'sqs:ReceiveMessage'
              - 'sqs:ChangeMessageVisibility'
              - 'sqs:GetQueueUrl'
              - 'sqs:DeleteMessage'
              - 'sqs:GetQueueAttributes'
            Effect: Allow
            Resource:
              'Fn::GetAtt':
                - defaultretirementwatcherqueue17CDF7F2
                - Arn
        Version: '2012-10-17'
      PolicyName: defaultretirementwatcherlambdaexecutionroleDefaultPolicy6242FE7D
      Roles:
        - Ref: defaultretirementwatcherlambdaexecutionroleF14BB722
  defaultretirementwatcherlambda80A1658E:
    Type: 'AWS::Lambda::Function'
    Properties:
      Architectures:
        - arm64
      Code: Any<Object>
      Handler: index.handler
      Role:
        'Fn::GetAtt':
          - defaultretirementwatcherlambdaexecutionroleF14BB722
          - Arn
      Runtime: nodejs22.x
      Tags:
        - Key: Name
          Value: RestateBYOC/default/retirement-watcher-lambda
      Timeout: 60
    DependsOn:
      - defaultretirementwatcherlambdaexecutionroleDefaultPolicy6242FE7D
      - defaultretirementwatcherlambdaexecutionroleF14BB722
  defaultretirementwatcherlambdaSqsEventSourceRestateBYOCdefaultretirementwatcherqueueBDC523A27D939D1D:
    Type: 'AWS::Lambda::EventSourceMapping'
    Properties:
      BatchSize: 1
      EventSourceArn:
        'Fn::GetAtt':
          - defaultretirementwatcherqueue17CDF7F2
          - Arn
      FunctionName:
        Ref: defaultretirementwatcherlambda80A1658E
      Tags:
        - Key: Name
          Value: RestateBYOC/default/retirement-watcher-lambda
  defaultretirementwatcherqueue17CDF7F2:
    Type: 'AWS::SQS::Queue'
    Properties:
      Tags:
        - Key: Name
          Value: RestateBYOC/default/retirement-watcher-queue
      VisibilityTimeout: 60
    UpdateReplacePolicy: Delete
    DeletionPolicy: Delete
  defaultretirementwatcherqueuePolicyFD7DA2DA:
    Type: 'AWS::SQS::QueuePolicy'
    Properties:
      PolicyDocument:
        Statement:
          - Action:
              - 'sqs:SendMessage'
              - 'sqs:GetQueueAttributes'
              - 'sqs:GetQueueUrl'
            Condition:
              ArnEquals:
                'aws:SourceArn':
                  'Fn::GetAtt':
                    - defaultretirementwatcherrule3F2F34F3
                    - Arn
            Effect: Allow
            Principal:
              Service: events.amazonaws.com
            Resource:
              'Fn::GetAtt':
                - defaultretirementwatcherqueue17CDF7F2
                - Arn
        Version: '2012-10-17'
      Queues:
        - Ref: defaultretirementwatcherqueue17CDF7F2
  defaultretirementwatcherrule3F2F34F3:
    Type: 'AWS::Events::Rule'
    Properties:
      EventPattern:
        detail:
          eventTypeCode:
            - equals-ignore-case: AWS_ECS_TASK_PATCHING_RETIREMENT
          service:
            - equals-ignore-case: ecs
        resources:
          - prefix:
              'Fn::Join':
                - /
                - - 'Fn::Join':
                      - ':'
                      - - 'Fn::Select':
                            - 0
                            - 'Fn::Split':
                                - ':'
                                - 'Fn::Select':
                                    - 0
                                    - 'Fn::Split':
                                        - /
                                        - 'Fn::GetAtt':
                                            - defaultcluster07071299
                                            - Arn
                        - 'Fn::Select':
                            - 1
                            - 'Fn::Split':
                                - ':'
                                - 'Fn::Select':
                                    - 0
                                    - 'Fn::Split':
                                        - /
                                        - 'Fn::GetAtt':
                                            - defaultcluster07071299
                                            - Arn
                        - 'Fn::Select':
                            - 2
                            - 'Fn::Split':
                                - ':'
                                - 'Fn::Select':
                                    - 0
                                    - 'Fn::Split':
                                        - /
                                        - 'Fn::GetAtt':
                                            - defaultcluster07071299
                                            - Arn
                        - 'Fn::Select':
                            - 3
                            - 'Fn::Split':
                                - ':'
                                - 'Fn::Select':
                                    - 0
                                    - 'Fn::Split':
                                        - /
                                        - 'Fn::GetAtt':
                                            - defaultcluster07071299
                                            - Arn
                        - 'Fn::Select':
                            - 4
                            - 'Fn::Split':
                                - ':'
                                - 'Fn::Select':
                                    - 0
                                    - 'Fn::Split':
                                        - /
                                        - 'Fn::GetAtt':
                                            - defaultcluster07071299
                                            - Arn
                        - task
                  - 'Fn::Select':
                      - 1
                      - 'Fn::Split':
                          - /
                          - 'Fn::GetAtt':
                              - defaultcluster07071299
                              - Arn
                  - ''
        detail-type:
          - equals-ignore-case: AWS Health Event
      State: ENABLED
      Targets:
        - Arn:
            'Fn::GetAtt':
              - defaultretirementwatcherqueue17CDF7F2
              - Arn
          Id: Target0
  defaultcloudwatchcustomwidgetexecutionrole4ED639C0:
    Type: 'AWS::IAM::Role'
    Properties:
      AssumeRolePolicyDocument:
        Statement:
          - Action: 'sts:AssumeRole'
            Effect: Allow
            Principal:
              Service: lambda.amazonaws.com
        Version: '2012-10-17'
  defaultcloudwatchcustomwidgetexecutionroleDefaultPolicy61BF3642:
    Type: 'AWS::IAM::Policy'
    Properties:
      PolicyDocument:
        Statement:
          - Action:
              - 'logs:CreateLogGroup'
              - 'logs:CreateLogStream'
              - 'logs:PutLogEvents'
            Effect: Allow
            Resource: '*'
            Sid: AWSLambdaBasicExecutionPermissions
          - Action: 'lambda:InvokeFunction'
            Effect: Allow
            Resource:
              'Fn::GetAtt':
                - defaultrestatectllambda05E7B262
                - Arn
            Sid: InvokeRestatectl
          - Action:
              - 'ec2:DescribeVolumes'
              - 'ec2:DescribeVolumeStatus'
              - 'ec2:DescribeSnapshots'
            Effect: Allow
            Resource: '*'
            Sid: EC2ReadActions
          - Action: 'ecs:DescribeTaskDefinition'
            Effect: Allow
            Resource: '*'
            Sid: ECSReadActions
          - Action: 'ecs:ListTasks'
            Condition:
              StringEquals:
                'ecs:cluster':
                  'Fn::GetAtt':
                    - defaultcluster07071299
                    - Arn
            Effect: Allow
            Resource: '*'
            Sid: ECSListTasks
          - Action: 'ecs:DescribeTasks'
            Condition:
              StringEquals:
                'ecs:cluster':
                  'Fn::GetAtt':
                    - defaultcluster07071299
                    - Arn
            Effect: Allow
            Resource:
              'Fn::Join':
                - ''
                - - 'arn:'
                  - Ref: 'AWS::Partition'
                  - ':ecs:'
                  - Ref: 'AWS::Region'
                  - ':'
                  - Ref: 'AWS::AccountId'
                  - ':task/'
                  - Ref: defaultcluster07071299
                  - /*
            Sid: ECSDescribeTasks
          - Action: 'ecs:DescribeServices'
            Condition:
              StringEquals:
                'ecs:cluster':
                  'Fn::GetAtt':
                    - defaultcluster07071299
                    - Arn
            Effect: Allow
            Resource:
              'Fn::Join':
                - ''
                - - 'arn:'
                  - Ref: 'AWS::Partition'
                  - ':ecs:'
                  - Ref: 'AWS::Region'
                  - ':'
                  - Ref: 'AWS::AccountId'
                  - ':service/'
                  - Ref: defaultcluster07071299
                  - /*
            Sid: ECSDescribeServices
          - Action: 'cloudwatch:GetMetricData'
            Effect: Allow
            Resource: '*'
            Sid: CloudWatchReadActions
        Version: '2012-10-17'
      PolicyName: defaultcloudwatchcustomwidgetexecutionroleDefaultPolicy61BF3642
      Roles:
        - Ref: defaultcloudwatchcustomwidgetexecutionrole4ED639C0
  defaultcloudwatchcustomwidgetlambda65C26149:
    Type: 'AWS::Lambda::Function'
    Properties:
      Architectures:
        - arm64
      Code: Any<Object>
      Handler: index.handler
      MemorySize: 1024
      Role:
        'Fn::GetAtt':
          - defaultcloudwatchcustomwidgetexecutionrole4ED639C0
          - Arn
      Runtime: nodejs22.x
      Tags:
        - Key: Name
          Value: RestateBYOC/default/cloudwatch-custom-widget-lambda
      Timeout: 60
    DependsOn:
      - defaultcloudwatchcustomwidgetexecutionroleDefaultPolicy61BF3642
      - defaultcloudwatchcustomwidgetexecutionrole4ED639C0
  defaultcloudwatchcustomwidgetlambdacloudwatchcustomwidgetlambdaallowdatasource2DAA7122:
    Type: 'AWS::Lambda::Permission'
    Properties:
      Action: 'lambda:InvokeFunction'
      FunctionName:
        'Fn::GetAtt':
          - defaultcloudwatchcustomwidgetlambda65C26149
          - Arn
      Principal: lambda.datasource.cloudwatch.amazonaws.com
  defaultmetrics63974EF8:
    Type: 'AWS::CloudWatch::Dashboard'
    Properties:
      DashboardBody:
        'Fn::Join':
          - ''
          - - >-
              {"widgets":[{"type":"metric","width":12,"height":6,"x":0,"y":0,"properties":{"view":"timeSeries","title":"Stateless
              CPU","region":"
            - Ref: 'AWS::Region'
            - >-
              ","metrics":[[{"label":"CPU","expression":"SELECT AVG(CpuUtilized)
              FROM SCHEMA(\\"ECS/ContainerInsights\\",
              ClusterName,TaskDefinitionFamily,TaskId) WHERE
              TaskDefinitionFamily =
              'RestateBYOCdefaultstatelessdefinitionFF58C79A' GROUP BY
              TaskId"}]],"annotations":{"horizontal":[{"value":16384,"label":"Limit","yAxis":"left"}]},"yAxis":{"left":{"label":"vCPUs","showUnits":false}}}},{"type":"metric","width":12,"height":6,"x":12,"y":0,"properties":{"view":"timeSeries","title":"Stateless
              Memory","region":"
            - Ref: 'AWS::Region'
            - >-
              ","metrics":[[{"label":"Memory","expression":"SELECT
              AVG(MemoryUtilized) FROM SCHEMA(\\"ECS/ContainerInsights\\",
              ClusterName,TaskDefinitionFamily,TaskId) WHERE
              TaskDefinitionFamily =
              'RestateBYOCdefaultstatelessdefinitionFF58C79A' GROUP BY
              TaskId"}]],"annotations":{"horizontal":[{"value":32768,"label":"Limit","yAxis":"left"}]},"yAxis":{"left":{"label":"MiB","showUnits":false}}}},{"type":"metric","width":12,"height":6,"x":0,"y":6,"properties":{"view":"timeSeries","title":"Stateless
              Network Tx","region":"
            - Ref: 'AWS::Region'
            - >-
              ","metrics":[[{"label":"Tx","expression":"SELECT
              AVG(NetworkTxBytes) FROM SCHEMA(\\"ECS/ContainerInsights\\",
              ClusterName,TaskDefinitionFamily,TaskId) WHERE
              TaskDefinitionFamily =
              'RestateBYOCdefaultstatelessdefinitionFF58C79A' GROUP BY
              TaskId"}]],"yAxis":{"left":{"label":"Bytes/sec","showUnits":false}}}},{"type":"metric","width":12,"height":6,"x":12,"y":6,"properties":{"view":"timeSeries","title":"Stateless
              Network Rx","region":"
            - Ref: 'AWS::Region'
            - >-
              ","metrics":[[{"label":"Rx","expression":"SELECT
              AVG(NetworkRxBytes) FROM SCHEMA(\\"ECS/ContainerInsights\\",
              ClusterName,TaskDefinitionFamily,TaskId) WHERE
              TaskDefinitionFamily =
              'RestateBYOCdefaultstatelessdefinitionFF58C79A' GROUP BY
              TaskId"}]],"yAxis":{"left":{"label":"Bytes/sec","showUnits":false}}}},{"type":"log","width":24,"height":6,"x":0,"y":12,"properties":{"view":"table","title":"Stateless
              Logs","region":"region","query":"SOURCE '
            - Ref: defaultstatelessdefinitionrestateLogGroup49FB832E
            - >-
              ' | fields @logStream, @timestamp, level, fields.message,
              target\\n          | sort @timestamp desc\\n          | limit
              500"}},{"type":"metric","width":12,"height":6,"x":0,"y":18,"properties":{"view":"timeSeries","title":"Stateful
              CPU","region":"
            - Ref: 'AWS::Region'
            - >-
              ","metrics":[[{"label":"CPU","expression":"SELECT AVG(CpuUtilized)
              FROM SCHEMA(\\"ECS/ContainerInsights\\",
              ClusterName,TaskDefinitionFamily,TaskId) WHERE
              TaskDefinitionFamily =
              'RestateBYOCdefaultstatefuldefinition4D62F21B' GROUP BY
              TaskId"}]],"annotations":{"horizontal":[{"value":16384,"label":"Limit","yAxis":"left"}]},"yAxis":{"left":{"label":"vCPUs","showUnits":false}}}},{"type":"metric","width":12,"height":6,"x":12,"y":18,"properties":{"view":"timeSeries","title":"Stateful
              Memory","region":"
            - Ref: 'AWS::Region'
            - >-
              ","metrics":[[{"label":"Memory","expression":"SELECT
              AVG(MemoryUtilized) FROM SCHEMA(\\"ECS/ContainerInsights\\",
              ClusterName,TaskDefinitionFamily,TaskId) WHERE
              TaskDefinitionFamily =
              'RestateBYOCdefaultstatefuldefinition4D62F21B' GROUP BY
              TaskId"}]],"annotations":{"horizontal":[{"value":32768,"label":"Limit","yAxis":"left"}]},"yAxis":{"left":{"label":"MiB","showUnits":false}}}},{"type":"metric","width":12,"height":6,"x":0,"y":24,"properties":{"view":"timeSeries","title":"Stateful
              Network Tx","region":"
            - Ref: 'AWS::Region'
            - >-
              ","metrics":[[{"label":"Tx","expression":"SELECT
              AVG(NetworkTxBytes) FROM SCHEMA(\\"ECS/ContainerInsights\\",
              ClusterName,TaskDefinitionFamily,TaskId) WHERE
              TaskDefinitionFamily =
              'RestateBYOCdefaultstatefuldefinition4D62F21B' GROUP BY
              TaskId"}]],"yAxis":{"left":{"label":"Bytes/sec","showUnits":false}}}},{"type":"metric","width":12,"height":6,"x":12,"y":24,"properties":{"view":"timeSeries","title":"Stateful
              Network Rx","region":"
            - Ref: 'AWS::Region'
            - >-
              ","metrics":[[{"label":"Rx","expression":"SELECT
              AVG(NetworkRxBytes) FROM SCHEMA(\\"ECS/ContainerInsights\\",
              ClusterName,TaskDefinitionFamily,TaskId) WHERE
              TaskDefinitionFamily =
              'RestateBYOCdefaultstatefuldefinition4D62F21B' GROUP BY
              TaskId"}]],"yAxis":{"left":{"label":"Bytes/sec","showUnits":false}}}},{"type":"log","width":24,"height":6,"x":0,"y":30,"properties":{"view":"table","title":"Stateful
              Logs","region":"region","query":"SOURCE '
            - Ref: defaultstatefuldefinitionrestateLogGroup3CA44D5E
            - >-
              ' | fields @logStream, @timestamp, level, fields.message,
              target\\n          | sort @timestamp desc\\n          | limit
              500"}},{"type":"metric","width":8,"height":6,"x":0,"y":36,"properties":{"view":"timeSeries","title":"Ephemeral
              Volume Usage (Total size 200GiB)","region":"
            - Ref: 'AWS::Region'
            - >-
              ","metrics":[[{"label":"Usage","expression":"SELECT
              MAX(EphemeralStorageUtilized) FROM
              SCHEMA(\\"ECS/ContainerInsights\\",
              ClusterName,TaskDefinitionFamily) WHERE TaskDefinitionFamily =
              'RestateBYOCdefaultstatefuldefinition4D62F21B'"}]],"annotations":{"horizontal":[{"value":200,"label":"Volume
              size","visible":false,"yAxis":"left"}]},"yAxis":{"left":{"label":"GiB","showUnits":false}},"liveData":false}},{"type":"metric","width":8,"height":6,"x":8,"y":36,"properties":{"view":"timeSeries","title":"Volume
              Write Throughput (Limited to 150 MiB/sec)","region":"
            - Ref: 'AWS::Region'
            - >-
              ","metrics":[[{"label":"Write","expression":"RATE(count) /
              1048576"}],[{"expression":"SELECT MAX(StorageWriteBytes) FROM
              SCHEMA(\\"ECS/ContainerInsights\\",
              ClusterName,TaskDefinitionFamily,TaskId) WHERE
              TaskDefinitionFamily =
              'RestateBYOCdefaultstatefuldefinition4D62F21B' GROUP BY
              TaskId","visible":false,"id":"count"}]],"annotations":{"horizontal":[{"value":150,"label":"Limit","visible":false,"yAxis":"left"}]},"yAxis":{"left":{"label":"MiB/sec","showUnits":false}}}},{"type":"metric","width":8,"height":6,"x":16,"y":36,"properties":{"view":"timeSeries","title":"Volume
              Read Throughput (Limited to 150 MiB/sec)","region":"
            - Ref: 'AWS::Region'
            - >-
              ","metrics":[[{"label":"Read","expression":"RATE(count) /
              1048576"}],[{"expression":"SELECT MAX(StorageReadBytes) FROM
              SCHEMA(\\"ECS/ContainerInsights\\",
              ClusterName,TaskDefinitionFamily,TaskId) WHERE
              TaskDefinitionFamily =
              'RestateBYOCdefaultstatefuldefinition4D62F21B' GROUP BY
              TaskId","visible":false,"id":"count"}]],"annotations":{"horizontal":[{"value":150,"label":"Limit","visible":false,"yAxis":"left"}]},"yAxis":{"left":{"label":"MiB/sec","showUnits":false}}}},{"type":"log","width":24,"height":6,"x":0,"y":42,"properties":{"view":"table","title":"Controller
              Logs","region":"region","query":"SOURCE '
            - Ref: defaultcontrollerdefinitioncontrollerLogGroup60752F65
            - >-
              ' | fields @logStream, @timestamp, level, fields.message,
              target\\n          | sort @timestamp desc\\n          | limit
              500"}}]}
      DashboardName: RestateBYOC_default_metrics
  defaultcontrolpanel3C04E2BB:
    Type: 'AWS::CloudWatch::Dashboard'
    Properties:
      DashboardBody:
        'Fn::Join':
          - ''
          - - >-
              {"widgets":[{"type":"custom","width":24,"height":26,"x":0,"y":0,"properties":{"endpoint":"
            - 'Fn::GetAtt':
                - defaultcloudwatchcustomwidgetlambda65C26149
                - Arn
            - '","params":{"command":"controlPanel","input":{"region":"'
            - Ref: 'AWS::Region'
            - >-
              ","summary":{"clusterName":"RestateBYOC/default","restateVersion":"1.3","stackVersion":"0.3.0","metricsDashboardName":"
            - Ref: defaultmetrics63974EF8
            - '"},"resources":{"ecsClusterArn":"'
            - 'Fn::GetAtt':
                - defaultcluster07071299
                - Arn
            - '","statelessServiceArn":"'
            - Ref: defaultstatelessserviceService8A7FABFB
            - '","controllerServiceArn":"'
            - Ref: defaultcontrollerserviceService18139D09
            - '","restatectlLambdaArn":"'
            - 'Fn::GetAtt':
                - defaultrestatectllambda05E7B262
                - Arn
            - >-
              "},"connectivityAndSecurity":{"connectivity":{"loadBalancerArns":{"ingress":["
            - Ref: defaultsharednlb5E13F2A0
            - '"],"admin":["'
            - Ref: defaultsharednlb5E13F2A0
            - '"]},"addresses":{"ingress":"http://'
            - 'Fn::GetAtt':
                - defaultsharednlb5E13F2A0
                - DNSName
            - ':8080","admin":"http://'
            - 'Fn::GetAtt':
                - defaultsharednlb5E13F2A0
                - DNSName
            - ':9070","webUI":"http://'
            - 'Fn::GetAtt':
                - defaultsharednlb5E13F2A0
                - DNSName
            - ':9070/ui"}},"networking":{"vpc":"'
            - 'Fn::ImportValue': 'VPCStack:ExportsOutputRefvpcA2121C384D1B3CDE'
            - '","availabilityZones":["dummy1a","dummy1b","dummy1c"],"subnets":["'
            - 'Fn::ImportValue': 'VPCStack:ExportsOutputRefvpcPrivateSubnet1Subnet934893E8236E2271'
            - '","'
            - 'Fn::ImportValue': 'VPCStack:ExportsOutputRefvpcPrivateSubnet2Subnet7031C2BA60DCB1EE'
            - '","'
            - 'Fn::ImportValue': 'VPCStack:ExportsOutputRefvpcPrivateSubnet3Subnet985AC459F9514491'
            - '"]},"security":{"securityGroups":["'
            - 'Fn::GetAtt':
                - defaultsecuritygroupE8DEFA55
                - GroupId
            - '"]}},"storage":{"s3":{"bucket":"'
            - Ref: defaultbucket65304C97
            - >-
              "}}}},"title":"","updateOn":{"refresh":true,"resize":true,"timeRange":true}}}]}
      DashboardName: RestateBYOC_default_control-panel
Outputs:
  defaultSecurityGroupsCF504A2A:
    Description: The security group IDs of the cluster
    Value:
      'Fn::GetAtt':
        - defaultsecuritygroupE8DEFA55
        - GroupId
  defaultIngressNetworkListener8FF05F67:
    Description: The ARN of the network listener for the ingress port
    Value:
      Ref: defaultingresssharedlistener3AB06661
  defaultIngressNetworkTargetGroup19AC7829:
    Description: The ARN of the network target group for the ingress port
    Value:
      Ref: defaultingresssharedtarget501739FD
  defaultAdminNetworkListenerE2AFE07B:
    Description: The ARN of the network listener for the admin port
    Value:
      Ref: defaultadminsharedlistener2B6E2F69
  defaultAdminNetworkTargetGroupB2510956:
    Description: The ARN of the network target group for the admin port
    Value:
      Ref: defaultadminsharedtarget04FDBD2A
  defaultNodeNetworkListenerB7066909:
    Description: The ARN of the network listener for the node port
    Value:
      Ref: defaultnodesharedlistenerF94E5381
  defaultNodeNetworkTargetGroupA587B228:
    Description: The ARN of the network target group for the node port
    Value:
      Ref: defaultnodesharedtarget1C48E466
"
`;
